PREHOOK: query: -- expressions are not allowed in order by without an alias
explain
select length(value) as foo, src.key from src order by foo, src.key
PREHOOK: type: QUERY
POSTHOOK: query: -- expressions are not allowed in order by without an alias
explain
select length(value) as foo, src.key from src order by foo, src.key
POSTHOOK: type: QUERY
ABSTRACT SYNTAX TREE:
  (TOK_QUERY (TOK_FROM (TOK_TABREF (TOK_TABNAME src))) (TOK_INSERT (TOK_DESTINATION (TOK_DIR TOK_TMP_FILE)) (TOK_SELECT (TOK_SELEXPR (TOK_FUNCTION length (TOK_TABLE_OR_COL value)) foo) (TOK_SELEXPR (. (TOK_TABLE_OR_COL src) key))) (TOK_ORDERBY (TOK_TABSORTCOLNAMEASC (TOK_TABLE_OR_COL foo)) (TOK_TABSORTCOLNAMEASC (. (TOK_TABLE_OR_COL src) key)))))

STAGE DEPENDENCIES:
  Stage-1 is a root stage
  Stage-0 is a root stage

STAGE PLANS:
  Stage: Stage-1
    Map Reduce
      Alias -> Map Operator Tree:
        src 
          TableScan
            alias: src
            Select Operator
              expressions:
                    expr: length(value)
                    type: int
                    expr: key
                    type: string
              outputColumnNames: _col0, _col1
              Reduce Output Operator
                key expressions:
                      expr: _col0
                      type: int
                      expr: _col1
                      type: string
                sort order: ++
                tag: -1
                value expressions:
                      expr: _col0
                      type: int
                      expr: _col1
                      type: string
      Reduce Operator Tree:
        Extract
          File Output Operator
            compressed: false
            GlobalTableId: 0
            table:
                input format: org.apache.hadoop.mapred.TextInputFormat
                output format: org.apache.hadoop.hive.ql.io.HiveIgnoreKeyTextOutputFormat

  Stage: Stage-0
    Fetch Operator
      limit: -1


FAILED: SemanticException [Error 10139]: Expressions are not allowed in an order by clause. Use a column alias instead
