PREHOOK: query: -- expressions are not allowed in distribute by without an alias
explain
select key, length(value) as foo from src distribute by key, foo
PREHOOK: type: QUERY
POSTHOOK: query: -- expressions are not allowed in distribute by without an alias
explain
select key, length(value) as foo from src distribute by key, foo
POSTHOOK: type: QUERY
ABSTRACT SYNTAX TREE:
  (TOK_QUERY (TOK_FROM (TOK_TABREF (TOK_TABNAME src))) (TOK_INSERT (TOK_DESTINATION (TOK_DIR TOK_TMP_FILE)) (TOK_SELECT (TOK_SELEXPR (TOK_TABLE_OR_COL key)) (TOK_SELEXPR (TOK_FUNCTION length (TOK_TABLE_OR_COL value)) foo)) (TOK_DISTRIBUTEBY (TOK_TABLE_OR_COL key) (TOK_TABLE_OR_COL foo))))

STAGE DEPENDENCIES:
  Stage-1 is a root stage
  Stage-0 is a root stage

STAGE PLANS:
  Stage: Stage-1
    Map Reduce
      Alias -> Map Operator Tree:
        src 
          TableScan
            alias: src
            Select Operator
              expressions:
                    expr: key
                    type: string
                    expr: length(value)
                    type: int
              outputColumnNames: _col0, _col1
              Reduce Output Operator
                sort order: 
                Map-reduce partition columns:
                      expr: _col0
                      type: string
                      expr: _col1
                      type: int
                tag: -1
                value expressions:
                      expr: _col0
                      type: string
                      expr: _col1
                      type: int
      Reduce Operator Tree:
        Extract
          File Output Operator
            compressed: false
            GlobalTableId: 0
            table:
                input format: org.apache.hadoop.mapred.TextInputFormat
                output format: org.apache.hadoop.hive.ql.io.HiveIgnoreKeyTextOutputFormat

  Stage: Stage-0
    Fetch Operator
      limit: -1


FAILED: SemanticException [Error 10138]: Expressions are not allowed in a distribute by clause. Use a column alias instead
