PREHOOK: query: -- expressions are not allowed in cluster by without an alias
explain
select key + key as foo, src.value from src cluster by foo, src.value
PREHOOK: type: QUERY
POSTHOOK: query: -- expressions are not allowed in cluster by without an alias
explain
select key + key as foo, src.value from src cluster by foo, src.value
POSTHOOK: type: QUERY
ABSTRACT SYNTAX TREE:
  (TOK_QUERY (TOK_FROM (TOK_TABREF (TOK_TABNAME src))) (TOK_INSERT (TOK_DESTINATION (TOK_DIR TOK_TMP_FILE)) (TOK_SELECT (TOK_SELEXPR (+ (TOK_TABLE_OR_COL key) (TOK_TABLE_OR_COL key)) foo) (TOK_SELEXPR (. (TOK_TABLE_OR_COL src) value))) (TOK_CLUSTERBY (TOK_TABLE_OR_COL foo) (. (TOK_TABLE_OR_COL src) value))))

STAGE DEPENDENCIES:
  Stage-1 is a root stage
  Stage-0 is a root stage

STAGE PLANS:
  Stage: Stage-1
    Map Reduce
      Alias -> Map Operator Tree:
        src 
          TableScan
            alias: src
            Select Operator
              expressions:
                    expr: (key + key)
                    type: double
                    expr: value
                    type: string
              outputColumnNames: _col0, _col1
              Reduce Output Operator
                key expressions:
                      expr: _col0
                      type: double
                      expr: _col1
                      type: string
                sort order: ++
                Map-reduce partition columns:
                      expr: _col0
                      type: double
                      expr: _col1
                      type: string
                tag: -1
                value expressions:
                      expr: _col0
                      type: double
                      expr: _col1
                      type: string
      Reduce Operator Tree:
        Extract
          File Output Operator
            compressed: false
            GlobalTableId: 0
            table:
                input format: org.apache.hadoop.mapred.TextInputFormat
                output format: org.apache.hadoop.hive.ql.io.HiveIgnoreKeyTextOutputFormat

  Stage: Stage-0
    Fetch Operator
      limit: -1


FAILED: SemanticException [Error 10137]: Expressions are not allowed in a cluster by clause. Use a column alias instead
