FAILED: SemanticException [Error 10061]: Numberator should not be bigger than denaminator in sample clause for table srcbucket
