FAILED: SemanticException [Error 10004]: Line 2:7 Invalid table alias or column reference 'b': (possible column names are: _col0, _col1)
